// Jest Snapshot v1, https://goo.gl/fbAQLP

exports[`renders correctly 1`] = `
<div
  style={
    Object {
      "textAlign": "center",
    }
  }
>
  <h2>
    404
  </h2>
  <h3>
    Sorry, but the page you are looking for is not exsited.
  </h3>
</div>
`;
